// Jest Snapshot v1, https://goo.gl/fbAQLP

exports[`Should render EditExpensePage correctly 1`] = `
<div>
  <div
    className="pageHeader"
  >
    <div
      className="summaryContent"
    >
      <h1
        className="pageHeaderTitle"
      >
        Edit expense
      </h1>
    </div>
  </div>
  <div
    className="content-container"
  >
    <ExpenseForm
      expense={
        Object {
          "amount": 100,
          "category": "other",
          "createdAt": 0,
          "description": "First expense",
          "id": "1",
          "note": "TestNote1",
        }
      }
      onSubmit={[Function]}
    />
    <button
      className="buttonLogin"
      onClick={[Function]}
      style={
        Object {
          "background": "#ba007a",
        }
      }
    >
      Remove
    </button>
  </div>
</div>
`;
