// Jest Snapshot v1, https://goo.gl/fbAQLP

exports[`Should render ExpenseList with expenses 1`] = `
<div
  className="content-container list_body"
>
  <div
    className="list-header"
  >
    <div
      className="show_for_mobile"
    >
      Expenses
    </div>
    <div
      className="show_for_desktop"
    >
      Expense
    </div>
    <div
      className="show_for_desktop"
    >
      Amount
    </div>
  </div>
  <ExpenseListItem
    amount={100}
    category="other"
    createdAt={0}
    description="First expense"
    id="1"
    key="1"
    note="TestNote1"
  />
  <ExpenseListItem
    amount={1000}
    category="food"
    createdAt={-345600000}
    description="Second expense"
    id="2"
    key="2"
    note=""
  />
  <ExpenseListItem
    amount={3100}
    category="travel"
    createdAt={345600000}
    description="Third"
    id="3"
    key="3"
    note=""
  />
</div>
`;

exports[`Should render ExpenseList with no expenses 1`] = `
<div
  className="content-container list_body"
>
  <div
    className="list-header"
  >
    <div
      className="show_for_mobile"
    >
      Expenses
    </div>
    <div
      className="show_for_desktop"
    >
      Expense
    </div>
    <div
      className="show_for_desktop"
    >
      Amount
    </div>
  </div>
  <p
    className="list_item_empty"
  >
    No expenses
  </p>
</div>
`;
