// Jest Snapshot v1, https://goo.gl/fbAQLP

exports[`Should render header correctly 1`] = `
<header
  className="header"
>
  <div
    className="headerContent"
  >
    <div
      className="headerMenu"
    >
      <h1>
        Expensify
      </h1>
      <NavLink
        activeClassName="is-active"
        ariaCurrent="true"
        className="linkElement"
        to="/dashboard"
      >
        Dashboard
      </NavLink>
      <NavLink
        activeClassName="is-active"
        ariaCurrent="true"
        className="linkElement"
        to="/create"
      >
        Add expense
      </NavLink>
      <NavLink
        activeClassName="is-active"
        ariaCurrent="true"
        className="linkElement"
        to="/help"
      >
        Help
      </NavLink>
    </div>
    <button
      className="buttonLogout"
      onClick={[Function]}
    >
      Logout
    </button>
  </div>
</header>
`;
