// Jest Snapshot v1, https://goo.gl/fbAQLP

exports[`Should render HelpPage correctly 1`] = `
<div
  className="content-container"
>
  <p>
    This is a simple demo app to show skills in basic React, Redux, unit testing (Jest and Enzyme) and functional testing (comming soon).
  </p>
  <p>
    It is meant to keep track of user expenses that can be added via Add expense, read in Dashboard sectiona, edited, filtered, sorted and removed.
  </p>
</div>
`;
